[ap-exgym.myshopify.com/index.html]
[ap-exgym.myshopify.com/cdn/shop/files/favicon_32x325f49.png]
[backblue.gif]
[fade.gif]
[index.html]
[ap-exgym.myshopify.com/cdn/shop/t/2/assets/global.scss7271.css]
[ap-exgym.myshopify.com/cdn/shop/t/2/assets/jquery-ui.min9bb7.css]
[code.jquery.com/jquery-1.11.3.min.js]
[ap-exgym.myshopify.com/cdn/shopifycloud/shopify/assets/themes_support/api.jquery-b0af070cfe3f5cf7c92f9e2a5da2665ee07ed2aad63bb408f8d6672f894a5996.js]
[ap-exgym.myshopify.com/cdn/shopifycloud/shopify/assets/themes_support/option_selection-86cdd286ddf3be7e25d68b9fc5965d7798a3ff6228ff79af67b3f4e41d6a34be.js]
[ap-exgym.myshopify.com/cdn/shop/t/2/assets/vendor4414.js]
[ap-exgym.myshopify.com/cdn/shop/t/2/assets/themee7dc.js]
[ap-exgym.myshopify.com/cdn/shop/t/2/assets/api.header8bbe.js]
[ap-exgym.myshopify.com/cdn/shop/t/2/assets/jquery-ui.min5a62.js]
[ap-exgym.myshopify.com/checkouts/internal/preloads4ad3.js]
[cdn.shopify.com/shopifycloud/storefront-forms-hcaptcha/ce_storefront_forms_captcha_hcaptcha.v1.4.0.iife.js]
[ap-exgym.myshopify.com/cdn/shopifycloud/shopify/assets/storefront/load_feature-1060834584ef204397b1179782a1b090047ee4397cb627244ab89e03f65c4307.js]
[ap-exgym.myshopify.com/cdn/shopifycloud/portable-wallets/latest/portable-wallets.en.js]
[ap-exgym.myshopify.com/cdn/shop/t/2/assets/ap_multilang0e47.css]
[ap-exgym.myshopify.com/cdn/shop/t/2/assets/ap_multilang48a6.js]
[ap-exgym.myshopify.com/POST]
[ap-exgym.myshopify.com/cdn]
[ap-exgym.myshopify.com/cdn/s/trekkie.storefront.bda1c7f8ce322425fd3b514c95d393292639cd34.min.js]
[ap-exgym.myshopify.com/cdn/shopifycloud/shopify/assets/shop_events_listener-61fa9e0a912c675e178777d2b27f6cbd482f8912a6b0aa31fa3515985a8cd626.js]
[ap-exgym.myshopify.com/cdn/shopifycloud/perf-kit/shopify-perf-kit-1.0.1.min.js]
[ap-exgym.myshopify.com/cdn/shop/t/2/assets/currencies_img_1.png]
[ap-exgym.myshopify.com/cdn/shop/t/2/assets/currencies_img_2.png]
[ap-exgym.myshopify.com/cdn/shop/t/2/assets/currencies_img_3.png]
[ap-exgym.myshopify.com/cdn/shop/t/2/assets/currencies_img_4.png]
[ap-exgym.myshopify.com/cdn/shop/t/2/assets/currencies_img_5.png]
[ap-exgym.myshopify.com/account/login.html]
[ap-exgym.myshopify.com/account/login4236.html]
[ap-exgym.myshopify.com/cart.html]
[ap-exgym.myshopify.com/cdn/shop/files/leo-exgym-logo-1480996132_178x46fc80.png]
[ap-exgym.myshopify.com/collections/all.html]
[ap-exgym.myshopify.com/products/disse-turpis-laoreet.html]
[ap-exgym.myshopify.com/cdn/shop/products/bodymax-cf380_small.jpg]
[ap-exgym.myshopify.com/products/suspendisse-turpis-laoreet-egestas-1.html]
[ap-exgym.myshopify.com/cdn/shop/products/bodymax-cf380_0f7e8ba1-f9d9-4226-974a-30b72c120fcc_small.jpg]
[ap-exgym.myshopify.com/products/egestas-lorem-commodo-libero.html]
[ap-exgym.myshopify.com/cdn/shop/products/printed-summer-dress_small.jpg]
[ap-exgym.myshopify.com/blogs/news.html]
[ap-exgym.myshopify.com/blogs/news/at-risus-pretium-urna-tortor-metus-fringilla.html]
[ap-exgym.myshopify.com/products/girl-suspendisse-turpis-laoreet-egestas.html]
[ap-exgym.myshopify.com/cdn/shop/products/printed-summer-dress_06b5cc9e-36a1-474c-876f-c7035e5dee6c_small.jpg]
[ap-exgym.myshopify.com/cdn/shop/t/2/assets/apmenuitem_ihtml_2474c.jpg]
[ap-exgym.myshopify.com/search.html]
[ap-exgym.myshopify.com/pages/about.html]
[ap-exgym.myshopify.com/pages/contact.html]
[ap-exgym.myshopify.com/pages/wishlist.html]
[ap-exgym.myshopify.com/pages/demoshortcode.html]
[ap-exgym.myshopify.com/collections/new-arrival.html]
[ap-exgym.myshopify.com/pages/faq.html]
[ap-exgym.myshopify.com/cdn/shop/files/slide-1-h1_1024x.jpg]
[ap-exgym.myshopify.com/cdn/shop/files/slide-1-h1_1600x.jpg]
[ap-exgym.myshopify.com/cdn/shop/files/slide-1-h1_2048x.jpg]
[ap-exgym.myshopify.com/cdn/shop/files/slide-2-h1_1024x.jpg]
[ap-exgym.myshopify.com/cdn/shop/files/slide-2-h1_1600x.jpg]
[ap-exgym.myshopify.com/cdn/shop/files/slide-2-h1_2048x.jpg]
[ap-exgym.myshopify.com/products/dapper-st-mawes-silver-38mm.html]
[ap-exgym.myshopify.com/cdn/shop/files/banner-1-h1_27c3e22f-82d9-4f3d-a0e0-93a34475e265_640x_crop_center4f30.jpg]
[ap-exgym.myshopify.com/cdn/shop/files/banner-2-h1_4d2c4d8a-9959-4d9d-a2c0-33ba87dce8f9_640x_crop_center4f30.jpg]
[ap-exgym.myshopify.com/cdn/shop/files/banner-3-h1_7664d93e-4433-4e20-86e0-1f4fcd2e22a2_640x_crop_center4f30.jpg]
[ap-exgym.myshopify.com/cdn/shop/products/printed-summer-dress_06b5cc9e-36a1-474c-876f-c7035e5dee6c_370x370.jpg]
[ap-exgym.myshopify.com/cdn/shop/products/bodymax-cf380_0f7e8ba1-f9d9-4226-974a-30b72c120fcc_370x370.jpg]
[ap-exgym.myshopify.com/cdn/shop/products/bodymax-cf380_370x370.jpg]
[ap-exgym.myshopify.com/products/donec-fringilla-sapien-sed.html]
[ap-exgym.myshopify.com/cdn/shop/products/printed-dress_370x370.jpg]
[ap-exgym.myshopify.com/cdn/shop/files/banner-4-h1_1000x10003e9d.jpg]
[ap-exgym.myshopify.com/cdn/shop/products/printed-summer-dress_370x370.jpg]
[ap-exgym.myshopify.com/products/urpis-laoreet-egestas.html]
[ap-exgym.myshopify.com/cdn/shop/products/printed-summer-dress_62cc2de2-3086-4a87-a599-7062f0914b84_370x370.jpg]
[ap-exgym.myshopify.com/cdn/shop/products/blouse_370x370.jpg]
[ap-exgym.myshopify.com/products/gestas-lorem-commodo-libero.html]
[ap-exgym.myshopify.com/cdn/shop/products/printed-summer-dress_c2519f6b-6f04-4d1d-ba9a-08676eca9bdb_370x370.jpg]
[ap-exgym.myshopify.com/products/suspendisse-turpis-laoreet-egestas.html]
[ap-exgym.myshopify.com/cdn/shop/products/bodymax-cf380_2c56ce27-c8f1-436b-9d16-742f3f5f3dc8_370x370.jpg]
[ap-exgym.myshopify.com/cdn/shop/files/banner-8-h1_2000x_crop_center3e9d.jpg]
[ap-exgym.myshopify.com/cdn/shop/files/banner-5-h1_1000x10003e9d.jpg]
[ap-exgym.myshopify.com/cdn/shop/files/banner-6-h1_800x_crop_center3e9d.jpg]
[ap-exgym.myshopify.com/cdn/shop/files/banner-7-h1_800x_crop_center8751.jpg]
[ap-exgym.myshopify.com/cdn/shop/files/logo-small_small8751.png]
[ap-exgym.myshopify.com/cdn/shop/files/img-bank_181x165f5c.png]
[ap-exgym.myshopify.com/cdn/s/javascripts/currencies.js]
[ap-exgym.myshopify.com/cdn/shop/t/2/assets/jquery.currencies.min.js]
[ap-exgym.myshopify.com/cdn/shop/t/2/assets/params7b12.svg]
[ap-exgym.myshopify.com/cdn/shop/t/2/assets/pin1a08.svg]
[ap-exgym.myshopify.com/cdn/shop/t/2/assets/plugin2cbd.js]
[ap-exgym.myshopify.com/cdn/shop/t/2/assets/approversionc126.js]
[ap-exgym.myshopify.com/cdn/shop/t/2/assets/custom-js611e.js]
[ap-exgym.myshopify.com/cdn/shop/t/2/assets/productDefault.png]
[ap-exgym.myshopify.com/index.html]
[ap-exgym.myshopify.com/cdn/shop/t/2/assets/fontawesome-webfont3e6e.eot]
[ap-exgym.myshopify.com/cdn/shop/t/2/assets/fontawesome-webfont3e6e.woff2]
[ap-exgym.myshopify.com/cdn/shop/t/2/assets/fontawesome-webfontd41d.eot]
[ap-exgym.myshopify.com/cdn/shop/t/2/assets/fontawesome-webfont3e6e.woff]
[ap-exgym.myshopify.com/cdn/shop/t/2/assets/fontawesome-webfont3e6e.ttf]
[ap-exgym.myshopify.com/cdn/shop/t/2/assets/ajax-loaderbe9d.gif]
[ap-exgym.myshopify.com/cdn/shop/t/2/assets/fontawesome-webfont3e6e.svg]
[ap-exgym.myshopify.com/cdn/shop/t/2/assets/ico-select9ceb.svg]
[ap-exgym.myshopify.com/cdn/shop/t/2/assets/bg_breadcrumbe5fd.jpg]
[ap-exgym.myshopify.com/cdn/shop/t/2/assets/loading.gif]
[ap-exgym.myshopify.com/cdn/shop/t/2/assets/pnewletter_bg65fc.jpg]
[ap-exgym.myshopify.com/cdn/shop/t/2/assets/fancybox_sprite.png]
[ap-exgym.myshopify.com/cdn/shop/t/2/assets/fancybox_loading.gif]
[ap-exgym.myshopify.com/cdn/shop/t/2/assets/blank.gif]
[ap-exgym.myshopify.com/cdn/shop/t/2/assets/fancybox_overlay.png]
[ap-exgym.myshopify.com/cdn/shop/t/2/assets/global.scss7271.css]
[ap-exgym.myshopify.com/cdn/shop/t/2/assets/images/ui-icons_444444_256x240.png]
[ap-exgym.myshopify.com/cdn/shop/t/2/assets/images/ui-icons_555555_256x240.png]
[ap-exgym.myshopify.com/cdn/shop/t/2/assets/images/ui-icons_ffffff_256x240.png]
[ap-exgym.myshopify.com/cdn/shop/t/2/assets/images/ui-icons_777620_256x240.png]
[ap-exgym.myshopify.com/cdn/shop/t/2/assets/images/ui-icons_cc0000_256x240.png]
[ap-exgym.myshopify.com/cdn/shop/t/2/assets/images/ui-icons_777777_256x240.png]
[ap-exgym.myshopify.com/cdn/shop/t/2/assets/jquery-ui.min9bb7.css]
[ap-exgym.myshopify.com/cdn/shop/t/2/assets/ap_multilang0e47.css]
[ap-exgym.myshopify.com/POST.html]
[ap-exgym.myshopify.com/cdn.html]
[ap-exgym.myshopify.com/indexb25a.html]
[ap-exgym.myshopify.com/index851e.html]
[ap-exgym.myshopify.com/index58a6.html]
[ap-exgym.myshopify.com/cdn/shopifycloud/shopify/assets/themes_support/shopify_common-33bb9d312118840468a53f36b59c62c1e8f2b7d1a0a77250db9e300441827470.js]
[ap-exgym.myshopify.com/account/POST]
[ap-exgym.myshopify.com/account/register.html]
[ap-exgym.myshopify.com/account/login.html]
[ap-exgym.myshopify.com/account/login4236.html]
[ap-exgym.myshopify.com/cart.html]
[ap-exgym.myshopify.com/index0e66.html]
[ap-exgym.myshopify.com/indexb4e2.html]
[ap-exgym.myshopify.com/indexe8a5.html]
[ap-exgym.myshopify.com/index100b.html]
[ap-exgym.myshopify.com/collections/all.atom]
[ap-exgym.myshopify.com/collections/all4658.html]
[ap-exgym.myshopify.com/collections/POST]
[ap-exgym.myshopify.com/collections/collection-deal.html]
[ap-exgym.myshopify.com/collections/frontpage.html]
[ap-exgym.myshopify.com/collections/product-popular.html]
[ap-exgym.myshopify.com/collections/special.html]
[ap-exgym.myshopify.com/collections/top-product.html]
[ap-exgym.myshopify.com/collections/top-rate.html]
[ap-exgym.myshopify.com/cdn/shop/t/2/assets/loading580a.gif]
[ap-exgym.myshopify.com/cdn/shop/products/bodymax-cf380_medium50f8.jpg]
[ap-exgym.myshopify.com/cdn/shop/products/bodymax-cf380_0f7e8ba1-f9d9-4226-974a-30b72c120fcc_medium9891.jpg]
[ap-exgym.myshopify.com/cdn/shop/products/printed-summer-dress_medium28bd.jpg]
[ap-exgym.myshopify.com/cdn/shop/products/printed-summer-dress_06b5cc9e-36a1-474c-876f-c7035e5dee6c_370x3702e7e.jpg]
[ap-exgym.myshopify.com/cdn/shop/products/bodymax-cf380_0f7e8ba1-f9d9-4226-974a-30b72c120fcc_370x3709891.jpg]
[ap-exgym.myshopify.com/cdn/shop/products/bodymax-cf380_370x37050f8.jpg]
[ap-exgym.myshopify.com/cdn/shop/products/printed-summer-dress_370x37028bd.jpg]
[ap-exgym.myshopify.com/cdn/shop/products/printed-summer-dress_62cc2de2-3086-4a87-a599-7062f0914b84_370x3702cc3.jpg]
[ap-exgym.myshopify.com/cdn/shop/products/printed-dress_370x3706713.jpg]
[ap-exgym.myshopify.com/collections/all.html]
[ap-exgym.myshopify.com/collections/all/indexb25a.html]
[ap-exgym.myshopify.com/collections/special/index0997.html]
[ap-exgym.myshopify.com/collections/collection-deal/indexb25a.html]
[ap-exgym.myshopify.com/collections/collection-deal/index0997.html]
[ap-exgym.myshopify.com/collections/special/indexf7e4.html]
[ap-exgym.myshopify.com/collections/collection-deal/indexf7e4.html]
[ap-exgym.myshopify.com/cdn/shop/products/bodymax-cf380_1024x102450f8.jpg]
[ap-exgym.myshopify.com/cdn/shop/products/bodymax-cf380_9498737e-f41c-4083-b2b0-0dff0dc05c08_1024x102450f8.jpg]
[ap-exgym.myshopify.com/cdn/shop/products/printed-summer-dress_4c3b183c-d628-45a8-84a3-38d7335bc304_1024x102450f8.jpg]
[ap-exgym.myshopify.com/products/disse-turpis-laoreet.oembed]
[ap-exgym.myshopify.com/products/POST]
[ap-exgym.myshopify.com/cdn/shop/products/bodymax-cf380_800x50f8.jpg]
[ap-exgym.myshopify.com/cdn/shop/products/bodymax-cf380_600x50f8.jpg]
[ap-exgym.myshopify.com/cdn/shop/products/bodymax-cf380_160x16050f8.jpg]
[ap-exgym.myshopify.com/cdn/shop/products/bodymax-cf380_9498737e-f41c-4083-b2b0-0dff0dc05c08_160x16050f8.jpg]
[ap-exgym.myshopify.com/cdn/shop/products/printed-summer-dress_4c3b183c-d628-45a8-84a3-38d7335bc304_160x16050f8.jpg]
[ap-exgym.myshopify.com/cdn/shop/products/printed-summer-dress_600x_d6cca3d4-aa4a-44a5-885c-cd1f572135d7_160x16050f8.jpg]
[ap-exgym.myshopify.com/cdn/shop/products/bodymax-cf380_600x_c4b08eca-17d5-4fb2-9839-920b4056dd7d_160x160e128.jpg]
[ap-exgym.myshopify.com/cdn/shop/t/2/assets/soldout.png]
[ap-exgym.myshopify.com/cdn/shop/files/greend82c.png]
[ap-exgym.myshopify.com/cdn/shop/files/blued82c.png]
[ap-exgym.myshopify.com/cdn/shop/files/redd82c.png]
[ap-exgym.myshopify.com/cdn/shop/products/blouse_370x3709739.jpg]
[ap-exgym.myshopify.com/cdn/shop/products/printed-summer-dress_c2519f6b-6f04-4d1d-ba9a-08676eca9bdb_370x3701167.jpg]
[ap-exgym.myshopify.com/products/disse-turpis-laoreet.html]
[ap-exgym.myshopify.com/cdn/shop/products/bodymax-cf380_0f7e8ba1-f9d9-4226-974a-30b72c120fcc_1024x10249891.jpg]
[ap-exgym.myshopify.com/cdn/shop/products/bodymax-cf380_4e4cdb27-a062-4d38-998a-079e7fe50c86_1024x10249891.jpg]
[ap-exgym.myshopify.com/cdn/shop/products/printed-summer-dress_e8a66716-616d-4312-b19a-429978c31181_1024x10249891.jpg]
[ap-exgym.myshopify.com/products/suspendisse-turpis-laoreet-egestas-1.oembed]
[ap-exgym.myshopify.com/cdn/shop/products/bodymax-cf380_0f7e8ba1-f9d9-4226-974a-30b72c120fcc_800x9891.jpg]
[ap-exgym.myshopify.com/cdn/shop/products/bodymax-cf380_0f7e8ba1-f9d9-4226-974a-30b72c120fcc_600x9891.jpg]
[ap-exgym.myshopify.com/cdn/shop/products/bodymax-cf380_0f7e8ba1-f9d9-4226-974a-30b72c120fcc_160x1609891.jpg]
[ap-exgym.myshopify.com/cdn/shop/products/bodymax-cf380_4e4cdb27-a062-4d38-998a-079e7fe50c86_160x1609891.jpg]
[ap-exgym.myshopify.com/cdn/shop/products/printed-summer-dress_e8a66716-616d-4312-b19a-429978c31181_160x1609891.jpg]
[ap-exgym.myshopify.com/cdn/shop/products/printed-summer-dress_600x_5cb56ce7-6e14-4d82-9a7c-b0604a7637a9_160x1600d30.jpg]
[ap-exgym.myshopify.com/cdn/shop/products/printed-summer-dress_compact_a777c16a-64eb-461f-a781-86a9d470d9ee_160x1606089.jpg]
[ap-exgym.myshopify.com/cdn/shop/products/printed-summer-dress_compact_0b5d69e9-ab2c-4468-9143-393c1b144d66_160x1608770.jpg]
[ap-exgym.myshopify.com/products/suspendisse-turpis-laoreet-egestas-1.html]
[ap-exgym.myshopify.com/cdn/shop/products/printed-summer-dress_1024x102428bd.jpg]
[ap-exgym.myshopify.com/cdn/shop/products/bodymax-cf380_04b44618-c7dd-4f9b-b93f-9d7bcba1f680_1024x1024e6d0.jpg]
[ap-exgym.myshopify.com/cdn/shop/products/printed-summer-dress_74dd4b36-f3b2-46bf-8c28-d643426494e4_1024x1024982a.jpg]
[ap-exgym.myshopify.com/products/egestas-lorem-commodo-libero.oembed]
[ap-exgym.myshopify.com/cdn/shop/products/printed-summer-dress_800x28bd.jpg]
[ap-exgym.myshopify.com/cdn/shop/products/printed-summer-dress_600x28bd.jpg]
[ap-exgym.myshopify.com/cdn/shop/products/printed-summer-dress_160x16028bd.jpg]
[ap-exgym.myshopify.com/cdn/shop/products/bodymax-cf380_04b44618-c7dd-4f9b-b93f-9d7bcba1f680_160x160e6d0.jpg]
[ap-exgym.myshopify.com/cdn/shop/products/printed-summer-dress_74dd4b36-f3b2-46bf-8c28-d643426494e4_160x160982a.jpg]
[ap-exgym.myshopify.com/cdn/shop/files/red-gridd82c.png]
[ap-exgym.myshopify.com/cdn/shop/files/blue-gridd82c.png]
[ap-exgym.myshopify.com/products/egestas-lorem-commodo-libero.html]
[ap-exgym.myshopify.com/cdn/shop/t/14/assets/global.scss4e8b.css]
[ap-exgym.myshopify.com/cdn/shop/t/14/assets/jquery-ui.min4946.css]
[ap-exgym.myshopify.com/cdn/shop/t/14/assets/vendor64d0.js]
[ap-exgym.myshopify.com/cdn/shop/t/14/assets/themeb69a.js]
[ap-exgym.myshopify.com/cdn/shop/t/14/assets/api.header3d48.js]
[ap-exgym.myshopify.com/blogs/news.atom]
[ap-exgym.myshopify.com/cdn/shop/t/14/assets/jquery-ui.minbbfd.js]
[ap-exgym.myshopify.com/cdn/shopifycloud/shopify/assets/storefront/bars/preview_bar_injector-0d63d5d9042661f094a10a1a668cfea7dfd8f6d9b084c04739083c9ea2b577ad.js]
[ap-exgym.myshopify.com/cdn/shop/t/14/assets/ap_multilang62d7.css]
[ap-exgym.myshopify.com/cdn/shop/t/14/assets/ap_multilang1d4e.js]
[ap-exgym.myshopify.com/blogs/POST]
[ap-exgym.myshopify.com/cdn/shop/t/14/assets/currencies_img_1.png]
[ap-exgym.myshopify.com/cdn/shop/t/14/assets/currencies_img_2.png]
[ap-exgym.myshopify.com/cdn/shop/t/14/assets/currencies_img_3.png]
[ap-exgym.myshopify.com/cdn/shop/t/14/assets/currencies_img_4.png]
[ap-exgym.myshopify.com/cdn/shop/t/14/assets/currencies_img_5.png]
[ap-exgym.myshopify.com/cdn/shop/files/leo-exgym-logo-1480996132_73667dbb-2360-43a8-b837-8c4e042f68e1_178x46fc80.png]
[ap-exgym.myshopify.com/cdn/shop/t/14/assets/apmenuitem_ihtml_27254.jpg]
[ap-exgym.myshopify.com/blogs/news/urna-pretium-elit-mauris-cursus-curabitur-at-elit-vestibulum-1.html]
[ap-exgym.myshopify.com/blogs/news/urna-pretium-elit-mauris-cursus-curabitur-at-elit-vestibulum.html]
[ap-exgym.myshopify.com/blogs/news/morbi-condimentum-molestie-nam-enim-odio-sodales.html]
[ap-exgym.myshopify.com/blogs/news/turpis-at-eleifend-leo-mi-elit-aenean-porta-ac-sed-faucibus.html]
[ap-exgym.myshopify.com/blogs/news/nullam-ullamcorper-nisl-quis-ornare-molestie.html]
[ap-exgym.myshopify.com/cdn/shop/articles/lg-b-blog-1_360xda09.jpg]
[ap-exgym.myshopify.com/cdn/shop/articles/lg-b-blog-3_360x80f2.jpg]
[ap-exgym.myshopify.com/cdn/shop/articles/lg-b-blog-4_360x0c4e.jpg]
[ap-exgym.myshopify.com/cdn/shop/articles/lg-b-blog-5_360xe57e.jpg]
[ap-exgym.myshopify.com/cdn/shop/articles/lg-b-blog-6_360xe4f3.jpg]
[ap-exgym.myshopify.com/cdn/shop/articles/lg-b-blog-7_360x1034.jpg]
[ap-exgym.myshopify.com/cdn/shop/t/14/assets/jquery.currencies.min.js]
[ap-exgym.myshopify.com/cdn/shop/t/14/assets/paramsf556.svg]
[ap-exgym.myshopify.com/cdn/shop/t/14/assets/pindfe3.svg]
[ap-exgym.myshopify.com/cdn/shop/t/14/assets/plugin0c63.js]
[ap-exgym.myshopify.com/cdn/shop/t/14/assets/approversion5968.js]
[ap-exgym.myshopify.com/cdn/shop/t/14/assets/custom-js25bf.js]
[ap-exgym.myshopify.com/cdn/shop/t/14/assets/productDefault.png]
[ap-exgym.myshopify.com/blogs/news.html]
[ap-exgym.myshopify.com/blogs/news/index100b.html]
[ap-exgym.myshopify.com/blogs/news/indexb25a.html]
[ap-exgym.myshopify.com/blogs/news/index0997.html]
[ap-exgym.myshopify.com/cdn/shop/articles/lg-b-blog-1_1024x1024da09.jpg]
[ap-exgym.myshopify.com/blogs/news/POST]
[ap-exgym.myshopify.com/cdn/shop/t/14/assets/logod82c.png]
[ap-exgym.myshopify.com/blogs/news/at-risus-pretium-urna-tortor-metus-fringilla.html]
[ap-exgym.myshopify.com/cdn/shop/products/printed-summer-dress_06b5cc9e-36a1-474c-876f-c7035e5dee6c_1024x10242e7e.jpg]
[ap-exgym.myshopify.com/cdn/shop/products/printed-summer-dress_f5409e47-27e2-4b38-99d0-dbdd373d7aa4_1024x102404dc.jpg]
[ap-exgym.myshopify.com/products/girl-suspendisse-turpis-laoreet-egestas.oembed]
[ap-exgym.myshopify.com/cdn/shop/products/printed-summer-dress_06b5cc9e-36a1-474c-876f-c7035e5dee6c_800x2e7e.jpg]
[ap-exgym.myshopify.com/cdn/shop/products/printed-summer-dress_06b5cc9e-36a1-474c-876f-c7035e5dee6c_600x2e7e.jpg]
[ap-exgym.myshopify.com/cdn/shop/products/printed-summer-dress_06b5cc9e-36a1-474c-876f-c7035e5dee6c_160x1602e7e.jpg]
[ap-exgym.myshopify.com/cdn/shop/products/printed-summer-dress_f5409e47-27e2-4b38-99d0-dbdd373d7aa4_160x16004dc.jpg]
[ap-exgym.myshopify.com/cdn/shop/t/14/assets/soldout.png]
[ap-exgym.myshopify.com/products/girl-suspendisse-turpis-laoreet-egestas.html]
[ap-exgym.myshopify.com/search.html]
[ap-exgym.myshopify.com/pages/POST]
[ap-exgym.myshopify.com/cdn/shop/t/14/assets/img_about_1b851.png]
[ap-exgym.myshopify.com/cdn/shop/t/14/assets/img_about_2b273.png]
[ap-exgym.myshopify.com/cdn/shop/t/14/assets/img_about_379cc.png]
[ap-exgym.myshopify.com/pages/about.html]
[ap-exgym.myshopify.com/pages/contact.html]
[ap-exgym.myshopify.com/pages/wishlist.html]
[ap-exgym.myshopify.com/cdn/shop/collections/banner-4-h4_450x450_crop_top.jpg]
[ap-exgym.myshopify.com/cdn/shop/collections/banner-3-h4_450x450_crop_top.jpg]
[ap-exgym.myshopify.com/cdn/shop/collections/banner-2-h4_450x450_crop_top.jpg]
[connect.facebook.net/en_US/sdk.js]
[cdn.shopify.com/s/files/1/0740/5717/products/11_large30d8.jpg]
[cdn.shopify.com/s/files/1/0740/5717/products/42_d3f99124-d8ca-4dd5-b6d2-d74b3feb31b1_large30d8.jpg]
[cdn.shopify.com/s/files/1/0740/5717/products/21_1b737bd3-c656-43be-8e96-6a8aeaaaf19b_large30d8.jpg]
[cdn.shopify.com/s/files/1/0766/6813/t/2/assets/slideshow_image_1.jpg]
[cdn.shopify.com/s/files/1/0766/6813/t/2/assets/slideshow_image_2.jpg]
[cdn.shopify.com/s/files/1/0766/6813/t/2/assets/slideshow_image_3.jpg]
[ap-exgym.myshopify.com/collections/frontpage/products/girl-suspendisse-turpis-laoreet-egestas.html]
[ap-exgym.myshopify.com/collections/frontpage/products/suspendisse-turpis-laoreet-egestas-1.html]
[ap-exgym.myshopify.com/collections/frontpage/products/disse-turpis-laoreet.html]
[ap-exgym.myshopify.com/collections/frontpage/products/egestas-lorem-commodo-libero.html]
[ap-exgym.myshopify.com/collections/frontpage/products/urpis-laoreet-egestas.html]
[ap-exgym.myshopify.com/collections/frontpage/products/donec-fringilla-sapien-sed.html]
[ap-exgym.myshopify.com/collections/top-product/products/girl-suspendisse-turpis-laoreet-egestas.html]
[ap-exgym.myshopify.com/collections/top-product/products/disse-turpis-laoreet.html]
[ap-exgym.myshopify.com/collections/top-product/products/egestas-lorem-commodo-libero.html]
[ap-exgym.myshopify.com/collections/top-product/products/urpis-laoreet-egestas.html]
[ap-exgym.myshopify.com/collections/top-product/products/donec-fringilla-sapien-sed.html]
[ap-exgym.myshopify.com/collections/top-product/products/dapper-st-mawes-silver-38mm.html]
[ap-exgym.myshopify.com/pages/demoshortcode.html]
[ap-exgym.myshopify.com/collections/new-arrival.atom]
[ap-exgym.myshopify.com/collections/new-arrival.oembed]
[ap-exgym.myshopify.com/collections/new-arrival/products/disse-turpis-laoreet.html]
[ap-exgym.myshopify.com/collections/new-arrival/products/suspendisse-turpis-laoreet-egestas-1.html]
[ap-exgym.myshopify.com/collections/new-arrival/products/egestas-lorem-commodo-libero.html]
[ap-exgym.myshopify.com/cdn/shop/t/14/assets/loadingb0d2.gif]
[ap-exgym.myshopify.com/collections/new-arrival/products/gestas-lorem-commodo-libero.html]
[ap-exgym.myshopify.com/collections/new-arrival/products/suspendisse-turpis-laoreet-egestas.html]
[ap-exgym.myshopify.com/cdn/shop/products/bodymax-cf380_2c56ce27-c8f1-436b-9d16-742f3f5f3dc8_370x370b3eb.jpg]
[ap-exgym.myshopify.com/collections/new-arrival.html]
[ap-exgym.myshopify.com/pages/faq.html]
[ap-exgym.myshopify.com/cdn/shop/products/blouse_1024x10249739.jpg]
[ap-exgym.myshopify.com/cdn/shop/products/blouse_ddbc4ecf-d1c9-488d-a499-39bd05494289_1024x1024f37e.jpg]
[ap-exgym.myshopify.com/products/dapper-st-mawes-silver-38mm.oembed]
[ap-exgym.myshopify.com/cdn/shop/products/blouse_800x9739.jpg]
[ap-exgym.myshopify.com/cdn/shop/products/blouse_600x9739.jpg]
[ap-exgym.myshopify.com/cdn/shop/products/blouse_160x1609739.jpg]
[ap-exgym.myshopify.com/cdn/shop/products/blouse_ddbc4ecf-d1c9-488d-a499-39bd05494289_160x160f37e.jpg]
[ap-exgym.myshopify.com/cdn/shop/files/yellowd82c.png]
[ap-exgym.myshopify.com/cdn/shop/files/white-lined82c.png]
[ap-exgym.myshopify.com/products/dapper-st-mawes-silver-38mm.html]
[ap-exgym.myshopify.com/cdn/shop/products/printed-dress_1024x10246713.jpg]
[ap-exgym.myshopify.com/cdn/shop/products/printed-dress_952a9ade-0119-4c89-8b09-57690037f742_1024x1024cc6f.jpg]
[ap-exgym.myshopify.com/products/donec-fringilla-sapien-sed.oembed]
[ap-exgym.myshopify.com/cdn/shop/products/printed-dress_800x6713.jpg]
[ap-exgym.myshopify.com/cdn/shop/products/printed-dress_600x6713.jpg]
[ap-exgym.myshopify.com/cdn/shop/products/printed-dress_160x1606713.jpg]
[ap-exgym.myshopify.com/cdn/shop/products/printed-dress_952a9ade-0119-4c89-8b09-57690037f742_160x160cc6f.jpg]
[ap-exgym.myshopify.com/products/donec-fringilla-sapien-sed.html]
[ap-exgym.myshopify.com/cdn/shop/products/printed-summer-dress_62cc2de2-3086-4a87-a599-7062f0914b84_1024x10242cc3.jpg]
[ap-exgym.myshopify.com/cdn/shop/products/printed-summer-dress_f155657f-1979-4bab-b8bc-99dc1527770d_1024x10247ac0.jpg]
[ap-exgym.myshopify.com/products/urpis-laoreet-egestas.oembed]
[ap-exgym.myshopify.com/cdn/shop/products/printed-summer-dress_62cc2de2-3086-4a87-a599-7062f0914b84_800x2cc3.jpg]
[ap-exgym.myshopify.com/cdn/shop/products/printed-summer-dress_62cc2de2-3086-4a87-a599-7062f0914b84_600x2cc3.jpg]
[ap-exgym.myshopify.com/cdn/shop/products/printed-summer-dress_62cc2de2-3086-4a87-a599-7062f0914b84_160x1602cc3.jpg]
[ap-exgym.myshopify.com/cdn/shop/products/printed-summer-dress_f155657f-1979-4bab-b8bc-99dc1527770d_160x1607ac0.jpg]
[ap-exgym.myshopify.com/products/urpis-laoreet-egestas.html]
[ap-exgym.myshopify.com/cdn/shop/products/printed-summer-dress_c2519f6b-6f04-4d1d-ba9a-08676eca9bdb_1024x10241167.jpg]
[ap-exgym.myshopify.com/cdn/shop/products/printed-summer-dress_5f3d48b0-74d8-4895-9186-343c4cc395ae_1024x102453c3.jpg]
[ap-exgym.myshopify.com/products/gestas-lorem-commodo-libero.oembed]
[ap-exgym.myshopify.com/cdn/shop/products/printed-summer-dress_c2519f6b-6f04-4d1d-ba9a-08676eca9bdb_800x1167.jpg]
[ap-exgym.myshopify.com/cdn/shop/products/printed-summer-dress_c2519f6b-6f04-4d1d-ba9a-08676eca9bdb_600x1167.jpg]
[ap-exgym.myshopify.com/cdn/shop/products/printed-summer-dress_c2519f6b-6f04-4d1d-ba9a-08676eca9bdb_160x1601167.jpg]
[ap-exgym.myshopify.com/cdn/shop/products/printed-summer-dress_5f3d48b0-74d8-4895-9186-343c4cc395ae_160x16053c3.jpg]
[ap-exgym.myshopify.com/products/gestas-lorem-commodo-libero.html]
[ap-exgym.myshopify.com/cdn/shop/products/bodymax-cf380_2c56ce27-c8f1-436b-9d16-742f3f5f3dc8_1024x1024b3eb.jpg]
[ap-exgym.myshopify.com/cdn/shop/products/bodymax-cf380_63482ff9-5acc-4a21-aa7d-1b0f86f9369e_1024x10242f26.jpg]
[ap-exgym.myshopify.com/products/suspendisse-turpis-laoreet-egestas.oembed]
[ap-exgym.myshopify.com/cdn/shop/products/bodymax-cf380_2c56ce27-c8f1-436b-9d16-742f3f5f3dc8_800xb3eb.jpg]
[ap-exgym.myshopify.com/cdn/shop/products/bodymax-cf380_2c56ce27-c8f1-436b-9d16-742f3f5f3dc8_600xb3eb.jpg]
[ap-exgym.myshopify.com/cdn/shop/products/bodymax-cf380_2c56ce27-c8f1-436b-9d16-742f3f5f3dc8_160x160b3eb.jpg]
[ap-exgym.myshopify.com/cdn/shop/products/bodymax-cf380_63482ff9-5acc-4a21-aa7d-1b0f86f9369e_160x1602f26.jpg]
[ap-exgym.myshopify.com/products/suspendisse-turpis-laoreet-egestas.html]
[ap-exgym.myshopify.com/cdn/shop/t/2/assets/params7b12.svg]
[ap-exgym.myshopify.com/cdn/shop/t/2/assets/pin1a08.svg]
[ap-exgym.myshopify.com/cdn/shop/t/2/assets/fontawesome-webfont3e6e.svg]
[ap-exgym.myshopify.com/cdn/shop/t/2/assets/ico-select9ceb.svg]
[ap-exgym.myshopify.com/cdn/shop/t/2/assets/fancybox_loading.html]
[ap-exgym.myshopify.com/cdn/shop/t/2/assets/blank.html]
[ap-exgym.myshopify.com/cdn/shop/t/2/assets/images/ui-icons_444444_256x240.html]
[ap-exgym.myshopify.com/cdn/shop/t/2/assets/images/ui-icons_555555_256x240.html]
[ap-exgym.myshopify.com/cdn/shop/t/2/assets/images/ui-icons_ffffff_256x240.html]
[ap-exgym.myshopify.com/cdn/shop/t/2/assets/images/ui-icons_777620_256x240.html]
[ap-exgym.myshopify.com/cdn/shop/t/2/assets/images/ui-icons_cc0000_256x240.html]
[ap-exgym.myshopify.com/cdn/shop/t/2/assets/images/ui-icons_777777_256x240.html]
[ap-exgym.myshopify.com/account/POST.html]
[ap-exgym.myshopify.com/account/register.html]
[ap-exgym.myshopify.com/collections/all2679.html]
[ap-exgym.myshopify.com/collections/all4658.html]
[ap-exgym.myshopify.com/collections/POST.html]
[ap-exgym.myshopify.com/collections/collection-deal.atom]
[ap-exgym.myshopify.com/collections/collection-deal.oembed]
[ap-exgym.myshopify.com/collections/collection-deal/products/disse-turpis-laoreet.html]
[ap-exgym.myshopify.com/collections/collection-deal/products/suspendisse-turpis-laoreet-egestas-1.html]
[ap-exgym.myshopify.com/collections/collection-deal/products/girl-suspendisse-turpis-laoreet-egestas.html]
[ap-exgym.myshopify.com/collections/collection-deal/products/donec-fringilla-sapien-sed.html]
[ap-exgym.myshopify.com/collections/collection-deal/products/gestas-lorem-commodo-libero.html]
[ap-exgym.myshopify.com/collections/collection-deal/products/suspendisse-turpis-laoreet-egestas.html]
[ap-exgym.myshopify.com/collections/collection-deal.html]
[ap-exgym.myshopify.com/collections/frontpage.atom]
[ap-exgym.myshopify.com/collections/frontpage.oembed]
[ap-exgym.myshopify.com/collections/frontpage/products/dapper-st-mawes-silver-38mm.html]
[ap-exgym.myshopify.com/collections/frontpage.html]
[ap-exgym.myshopify.com/collections/product-popular.atom]
[ap-exgym.myshopify.com/collections/product-popular.oembed]
[ap-exgym.myshopify.com/collections/product-popular/products/suspendisse-turpis-laoreet-egestas-1.html]
[ap-exgym.myshopify.com/collections/product-popular/products/egestas-lorem-commodo-libero.html]
[ap-exgym.myshopify.com/collections/product-popular/products/urpis-laoreet-egestas.html]
[ap-exgym.myshopify.com/collections/product-popular/products/dapper-st-mawes-silver-38mm.html]
[ap-exgym.myshopify.com/collections/product-popular/products/gestas-lorem-commodo-libero.html]
[ap-exgym.myshopify.com/collections/product-popular/products/suspendisse-turpis-laoreet-egestas.html]
[ap-exgym.myshopify.com/collections/product-popular.html]
[ap-exgym.myshopify.com/collections/special.atom]
[ap-exgym.myshopify.com/collections/special.oembed]
[ap-exgym.myshopify.com/collections/special/products/suspendisse-turpis-laoreet-egestas-1.html]
[ap-exgym.myshopify.com/collections/special/products/egestas-lorem-commodo-libero.html]
[ap-exgym.myshopify.com/collections/special/products/girl-suspendisse-turpis-laoreet-egestas.html]
[ap-exgym.myshopify.com/collections/special/products/dapper-st-mawes-silver-38mm.html]
[ap-exgym.myshopify.com/collections/special/products/urpis-laoreet-egestas.html]
[ap-exgym.myshopify.com/collections/special/products/suspendisse-turpis-laoreet-egestas.html]
[ap-exgym.myshopify.com/collections/special.html]
[ap-exgym.myshopify.com/collections/top-product.atom]
[ap-exgym.myshopify.com/collections/top-product.oembed]
[ap-exgym.myshopify.com/collections/top-product/products/gestas-lorem-commodo-libero.html]
[ap-exgym.myshopify.com/collections/top-product/products/suspendisse-turpis-laoreet-egestas.html]
[ap-exgym.myshopify.com/collections/top-product.html]
[ap-exgym.myshopify.com/collections/top-rate.atom]
[ap-exgym.myshopify.com/collections/top-rate.oembed]
[ap-exgym.myshopify.com/collections/top-rate/products/suspendisse-turpis-laoreet-egestas-1.html]
[ap-exgym.myshopify.com/collections/top-rate/products/disse-turpis-laoreet.html]
[ap-exgym.myshopify.com/collections/top-rate/products/girl-suspendisse-turpis-laoreet-egestas.html]
[ap-exgym.myshopify.com/collections/top-rate/products/urpis-laoreet-egestas.html]
[ap-exgym.myshopify.com/collections/top-rate/products/gestas-lorem-commodo-libero.html]
[ap-exgym.myshopify.com/collections/top-rate.html]
[ap-exgym.myshopify.com/products/POST.html]
[pinterest.com/pin/create/button/indexf4a3.html]
[ap-exgym.myshopify.com/cdn/shop/files/greend82c.html]
[ap-exgym.myshopify.com/cdn/shop/files/blued82c.html]
[ap-exgym.myshopify.com/cdn/shop/files/redd82c.html]
[pinterest.com/pin/create/button/index567e.html]
[pinterest.com/pin/create/button/indexd096.html]
[ap-exgym.myshopify.com/cdn/shop/files/red-gridd82c.html]
[ap-exgym.myshopify.com/cdn/shop/files/blue-gridd82c.html]
[ap-exgym.myshopify.com/cdn/shop/t/14/assets/fontawesome-webfont3e6e.eot]
[ap-exgym.myshopify.com/cdn/shop/t/14/assets/fontawesome-webfontd41d.eot]
[ap-exgym.myshopify.com/cdn/shop/t/14/assets/fontawesome-webfont3e6e.woff2]
[ap-exgym.myshopify.com/cdn/shop/t/14/assets/fontawesome-webfont3e6e.woff]
[ap-exgym.myshopify.com/cdn/shop/t/14/assets/fontawesome-webfont3e6e.ttf]
[ap-exgym.myshopify.com/cdn/shop/t/14/assets/fontawesome-webfont3e6e.svg]
[ap-exgym.myshopify.com/cdn/shop/t/14/assets/ajax-loaderb9ed.gif]
[ap-exgym.myshopify.com/cdn/shop/t/14/assets/ico-selectb9ed.svg]
[ap-exgym.myshopify.com/cdn/shop/t/14/assets/bg_breadcrumbb9ed.jpg]
[ap-exgym.myshopify.com/cdn/shop/t/14/assets/loading.gif]
[ap-exgym.myshopify.com/cdn/shop/t/14/assets/pnewletter_bgb9ed.jpg]
[ap-exgym.myshopify.com/cdn/shop/t/14/assets/fancybox_sprite.png]
[ap-exgym.myshopify.com/cdn/shop/t/14/assets/fancybox_loading.gif]
[ap-exgym.myshopify.com/cdn/shop/t/14/assets/blank.gif]
[ap-exgym.myshopify.com/cdn/shop/t/14/assets/fancybox_overlay.png]
[ap-exgym.myshopify.com/cdn/shop/t/14/assets/global.scss4e8b.css]
[ap-exgym.myshopify.com/cdn/shop/t/14/assets/images/ui-icons_444444_256x240.png]
[ap-exgym.myshopify.com/cdn/shop/t/14/assets/images/ui-icons_555555_256x240.png]
[ap-exgym.myshopify.com/cdn/shop/t/14/assets/images/ui-icons_ffffff_256x240.png]
[ap-exgym.myshopify.com/cdn/shop/t/14/assets/images/ui-icons_777620_256x240.png]
[ap-exgym.myshopify.com/cdn/shop/t/14/assets/images/ui-icons_cc0000_256x240.png]
[ap-exgym.myshopify.com/cdn/shop/t/14/assets/images/ui-icons_777777_256x240.png]
[ap-exgym.myshopify.com/cdn/shop/t/14/assets/jquery-ui.min4946.css]
[ap-exgym.myshopify.com/cdn/shop/t/14/assets/ap_multilang62d7.css]
[ap-exgym.myshopify.com/blogs/POST.html]
[ap-exgym.myshopify.com/cdn/shop/articles/lg-b-blog-3_1024x102480f2.jpg]
[ap-exgym.myshopify.com/blogs/news/urna-pretium-elit-mauris-cursus-curabitur-at-elit-vestibulum-1.html]
[ap-exgym.myshopify.com/cdn/shop/articles/lg-b-blog-4_1024x10240c4e.jpg]
[ap-exgym.myshopify.com/blogs/news/urna-pretium-elit-mauris-cursus-curabitur-at-elit-vestibulum.html]
[ap-exgym.myshopify.com/cdn/shop/articles/lg-b-blog-5_1024x1024e57e.jpg]
[ap-exgym.myshopify.com/blogs/news/morbi-condimentum-molestie-nam-enim-odio-sodales.html]
[ap-exgym.myshopify.com/cdn/shop/articles/lg-b-blog-6_1024x1024e4f3.jpg]
[ap-exgym.myshopify.com/blogs/news/turpis-at-eleifend-leo-mi-elit-aenean-porta-ac-sed-faucibus.html]
[ap-exgym.myshopify.com/cdn/shop/articles/lg-b-blog-7_1024x10241034.jpg]
[ap-exgym.myshopify.com/blogs/news/nullam-ullamcorper-nisl-quis-ornare-molestie.html]
[ap-exgym.myshopify.com/cdn/shop/t/14/assets/paramsf556.svg]
[ap-exgym.myshopify.com/cdn/shop/t/14/assets/pindfe3.svg]
[ap-exgym.myshopify.com/blogs/news/POST.html]
[ap-exgym.myshopify.com/cdn/shop/t/14/assets/logod82c.html]
[pinterest.com/pin/create/button/indexb317.html]
[pinterest.com/pin/create/button/index51a6.html]
[ap-exgym.myshopify.com/pages/POST.html]
[connect.facebook.net/en_US/sdk.js]
[ap-exgym.myshopify.com/collections/frontpage/products/POST]
[ap-exgym.myshopify.com/collections/frontpage/products/girl-suspendisse-turpis-laoreet-egestas.html]
[ap-exgym.myshopify.com/cdn/shopifycloud/portable-wallets/canary/portable-wallets.en.js]
[ap-exgym.myshopify.com/collections/frontpage/products/suspendisse-turpis-laoreet-egestas-1.html]
[ap-exgym.myshopify.com/collections/frontpage/products/disse-turpis-laoreet.html]
[ap-exgym.myshopify.com/collections/frontpage/products/egestas-lorem-commodo-libero.html]
[ap-exgym.myshopify.com/collections/frontpage/products/urpis-laoreet-egestas.html]
[ap-exgym.myshopify.com/collections/frontpage/products/donec-fringilla-sapien-sed.html]
[ap-exgym.myshopify.com/collections/top-product/products/POST]
[ap-exgym.myshopify.com/collections/top-product/products/girl-suspendisse-turpis-laoreet-egestas.html]
[ap-exgym.myshopify.com/collections/top-product/products/disse-turpis-laoreet.html]
[ap-exgym.myshopify.com/collections/top-product/products/egestas-lorem-commodo-libero.html]
[ap-exgym.myshopify.com/collections/top-product/products/urpis-laoreet-egestas.html]
[ap-exgym.myshopify.com/collections/top-product/products/donec-fringilla-sapien-sed.html]
[ap-exgym.myshopify.com/collections/top-product/products/dapper-st-mawes-silver-38mm.html]
[ap-exgym.myshopify.com/collections/new-arrival/products/POST]
[ap-exgym.myshopify.com/collections/new-arrival/products/disse-turpis-laoreet.html]
[ap-exgym.myshopify.com/collections/new-arrival/products/suspendisse-turpis-laoreet-egestas-1.html]
[ap-exgym.myshopify.com/collections/new-arrival/products/egestas-lorem-commodo-libero.html]
[ap-exgym.myshopify.com/collections/new-arrival/products/gestas-lorem-commodo-libero.html]
[ap-exgym.myshopify.com/collections/new-arrival/products/suspendisse-turpis-laoreet-egestas.html]
[pinterest.com/pin/create/button/index27cf.html]
[ap-exgym.myshopify.com/cdn/shop/files/yellowd82c.html]
[ap-exgym.myshopify.com/cdn/shop/files/white-lined82c.html]
[pinterest.com/pin/create/button/index3e0c.html]
[pinterest.com/pin/create/button/index93da.html]
[pinterest.com/pin/create/button/index91db.html]
[pinterest.com/pin/create/button/index8c2c.html]
[ap-exgym.myshopify.com/collections/all2679.html]
[ap-exgym.myshopify.com/collections/collection-deal/products/POST]
[ap-exgym.myshopify.com/collections/collection-deal/products/disse-turpis-laoreet.html]
[ap-exgym.myshopify.com/collections/collection-deal/products/suspendisse-turpis-laoreet-egestas-1.html]
[ap-exgym.myshopify.com/collections/collection-deal/products/girl-suspendisse-turpis-laoreet-egestas.html]
[ap-exgym.myshopify.com/collections/collection-deal/products/donec-fringilla-sapien-sed.html]
[ap-exgym.myshopify.com/collections/collection-deal/products/gestas-lorem-commodo-libero.html]
[ap-exgym.myshopify.com/collections/collection-deal/products/suspendisse-turpis-laoreet-egestas.html]
[ap-exgym.myshopify.com/collections/frontpage/products/dapper-st-mawes-silver-38mm.html]
[ap-exgym.myshopify.com/collections/product-popular/products/POST]
[ap-exgym.myshopify.com/collections/product-popular/products/suspendisse-turpis-laoreet-egestas-1.html]
[ap-exgym.myshopify.com/collections/product-popular/products/egestas-lorem-commodo-libero.html]
[ap-exgym.myshopify.com/collections/product-popular/products/urpis-laoreet-egestas.html]
[ap-exgym.myshopify.com/collections/product-popular/products/dapper-st-mawes-silver-38mm.html]
[ap-exgym.myshopify.com/collections/product-popular/products/gestas-lorem-commodo-libero.html]
[ap-exgym.myshopify.com/collections/product-popular/products/suspendisse-turpis-laoreet-egestas.html]
[ap-exgym.myshopify.com/collections/special/products/POST]
[ap-exgym.myshopify.com/collections/special/products/suspendisse-turpis-laoreet-egestas-1.html]
[ap-exgym.myshopify.com/collections/special/products/egestas-lorem-commodo-libero.html]
[ap-exgym.myshopify.com/collections/special/products/girl-suspendisse-turpis-laoreet-egestas.html]
[ap-exgym.myshopify.com/collections/special/products/dapper-st-mawes-silver-38mm.html]
[ap-exgym.myshopify.com/collections/special/products/urpis-laoreet-egestas.html]
[ap-exgym.myshopify.com/collections/special/products/suspendisse-turpis-laoreet-egestas.html]
[ap-exgym.myshopify.com/collections/top-product/products/gestas-lorem-commodo-libero.html]
[ap-exgym.myshopify.com/collections/top-product/products/suspendisse-turpis-laoreet-egestas.html]
[ap-exgym.myshopify.com/collections/top-rate/products/POST]
[ap-exgym.myshopify.com/collections/top-rate/products/disse-turpis-laoreet.html]
[ap-exgym.myshopify.com/collections/top-rate/products/suspendisse-turpis-laoreet-egestas-1.html]
[ap-exgym.myshopify.com/collections/top-rate/products/girl-suspendisse-turpis-laoreet-egestas.html]
[ap-exgym.myshopify.com/collections/top-rate/products/urpis-laoreet-egestas.html]
[ap-exgym.myshopify.com/collections/top-rate/products/gestas-lorem-commodo-libero.html]
[pinterest.com/pin/create/button/indexa366.html]
[pinterest.com/pin/create/button/indexd604.html]
[pinterest.com/pin/create/button/indexc258.html]
[ap-exgym.myshopify.com/cdn/shop/t/14/assets/fontawesome-webfont3e6e.svg]
[ap-exgym.myshopify.com/cdn/shop/t/14/assets/ico-selectb9ed.svg]
[ap-exgym.myshopify.com/cdn/shop/t/14/assets/fancybox_loading.html]
[ap-exgym.myshopify.com/cdn/shop/t/14/assets/blank.html]
[ap-exgym.myshopify.com/cdn/shop/t/14/assets/images/ui-icons_444444_256x240.html]
[ap-exgym.myshopify.com/cdn/shop/t/14/assets/images/ui-icons_555555_256x240.html]
[ap-exgym.myshopify.com/cdn/shop/t/14/assets/images/ui-icons_ffffff_256x240.html]
[ap-exgym.myshopify.com/cdn/shop/t/14/assets/images/ui-icons_777620_256x240.html]
[ap-exgym.myshopify.com/cdn/shop/t/14/assets/images/ui-icons_cc0000_256x240.html]
[ap-exgym.myshopify.com/cdn/shop/t/14/assets/images/ui-icons_777777_256x240.html]
[pinterest.com/pin/create/button/index0463.html]
[pinterest.com/pin/create/button/index3e88.html]
[pinterest.com/pin/create/button/index9100.html]
[pinterest.com/pin/create/button/index3969.html]
[pinterest.com/pin/create/button/index7d5c.html]
[pinterest.com/pin/create/button/index6a2b.html]
[pinterest.com/pin/create/button/index3d1c.html]
[ap-exgym.myshopify.com/collections/frontpage/products/POST.html]
[ap-exgym.myshopify.com/collections/top-product/products/POST.html]
[ap-exgym.myshopify.com/collections/new-arrival/products/POST.html]
[pinterest.com/pin/create/button/index9554.html]
[pinterest.com/pin/create/button/index2e59.html]
[pinterest.com/pin/create/button/indexcce4.html]
[pinterest.com/pin/create/button/indexd673.html]
[pinterest.com/pin/create/button/indexe057.html]
[ap-exgym.myshopify.com/collections/collection-deal/products/POST.html]
[ap-exgym.myshopify.com/collections/product-popular/products/POST.html]
[ap-exgym.myshopify.com/collections/special/products/POST.html]
[ap-exgym.myshopify.com/collections/top-rate/products/POST.html]
[pinterest.com/pin/create/button/indexf653.html]
[pinterest.com/pin/create/button/index59c1.html]
[pinterest.com/pin/create/button/index5dec.html]
[pinterest.com/pin/create/button/indexa7ff.html]
[pinterest.com/pin/create/button/indexc2ae.html]
